// Jest Snapshot v1, https://goo.gl/fbAQLP

exports[`SearchResults component returns the default empty array when there is no data to map through 1`] = `ReactWrapper {}`;
